Archive member included because of file (symbol)

E:/altera/13.1/lab/qrs_lab1/sfotware/lab1_bsp/\libhal_bsp.a(alt_load.o)
                              E:/altera/13.1/lab/qrs_lab1/sfotware/lab1_bsp//obj/HAL/src/crt0.o (alt_load)
E:/altera/13.1/lab/qrs_lab1/sfotware/lab1_bsp/\libhal_bsp.a(alt_main.o)
                              E:/altera/13.1/lab/qrs_lab1/sfotware/lab1_bsp//obj/HAL/src/crt0.o (alt_main)
E:/altera/13.1/lab/qrs_lab1/sfotware/lab1_bsp/\libhal_bsp.a(alt_sys_init.o)
                              E:/altera/13.1/lab/qrs_lab1/sfotware/lab1_bsp/\libhal_bsp.a(alt_main.o) (alt_irq_init)
E:/altera/13.1/lab/qrs_lab1/sfotware/lab1_bsp/\libhal_bsp.a(altera_avalon_jtag_uart_fd.o)
                              E:/altera/13.1/lab/qrs_lab1/sfotware/lab1_bsp/\libhal_bsp.a(alt_sys_init.o) (altera_avalon_jtag_uart_read_fd)
E:/altera/13.1/lab/qrs_lab1/sfotware/lab1_bsp/\libhal_bsp.a(altera_avalon_jtag_uart_read.o)
                              E:/altera/13.1/lab/qrs_lab1/sfotware/lab1_bsp/\libhal_bsp.a(altera_avalon_jtag_uart_fd.o) (altera_avalon_jtag_uart_read)
E:/altera/13.1/lab/qrs_lab1/sfotware/lab1_bsp/\libhal_bsp.a(altera_avalon_jtag_uart_write.o)
                              E:/altera/13.1/lab/qrs_lab1/sfotware/lab1_bsp/\libhal_bsp.a(altera_avalon_jtag_uart_fd.o) (altera_avalon_jtag_uart_write)
E:/altera/13.1/lab/qrs_lab1/sfotware/lab1_bsp/\libhal_bsp.a(alt_close.o)
                              E:/altera/13.1/lab/qrs_lab1/sfotware/lab1_bsp/\libhal_bsp.a(alt_main.o) (close)
E:/altera/13.1/lab/qrs_lab1/sfotware/lab1_bsp/\libhal_bsp.a(alt_dcache_flush_all.o)
                              E:/altera/13.1/lab/qrs_lab1/sfotware/lab1_bsp/\libhal_bsp.a(alt_load.o) (alt_dcache_flush_all)
E:/altera/13.1/lab/qrs_lab1/sfotware/lab1_bsp/\libhal_bsp.a(alt_dev.o)
                              E:/altera/13.1/lab/qrs_lab1/sfotware/lab1_bsp/\libhal_bsp.a(alt_sys_init.o) (alt_dev_list)
E:/altera/13.1/lab/qrs_lab1/sfotware/lab1_bsp/\libhal_bsp.a(alt_dev_llist_insert.o)
                              E:/altera/13.1/lab/qrs_lab1/sfotware/lab1_bsp/\libhal_bsp.a(alt_sys_init.o) (alt_dev_llist_insert)
E:/altera/13.1/lab/qrs_lab1/sfotware/lab1_bsp/\libhal_bsp.a(alt_errno.o)
                              E:/altera/13.1/lab/qrs_lab1/sfotware/lab1_bsp/\libhal_bsp.a(alt_close.o) (alt_errno)
E:/altera/13.1/lab/qrs_lab1/sfotware/lab1_bsp/\libhal_bsp.a(alt_exit.o)
                              E:/altera/13.1/lab/qrs_lab1/sfotware/lab1_bsp/\libhal_bsp.a(alt_main.o) (_exit)
E:/altera/13.1/lab/qrs_lab1/sfotware/lab1_bsp/\libhal_bsp.a(alt_icache_flush_all.o)
                              E:/altera/13.1/lab/qrs_lab1/sfotware/lab1_bsp/\libhal_bsp.a(alt_load.o) (alt_icache_flush_all)
E:/altera/13.1/lab/qrs_lab1/sfotware/lab1_bsp/\libhal_bsp.a(alt_io_redirect.o)
                              E:/altera/13.1/lab/qrs_lab1/sfotware/lab1_bsp/\libhal_bsp.a(alt_main.o) (alt_io_redirect)
E:/altera/13.1/lab/qrs_lab1/sfotware/lab1_bsp/\libhal_bsp.a(alt_open.o)
                              E:/altera/13.1/lab/qrs_lab1/sfotware/lab1_bsp/\libhal_bsp.a(alt_io_redirect.o) (open)
E:/altera/13.1/lab/qrs_lab1/sfotware/lab1_bsp/\libhal_bsp.a(alt_release_fd.o)
                              E:/altera/13.1/lab/qrs_lab1/sfotware/lab1_bsp/\libhal_bsp.a(alt_close.o) (alt_release_fd)
E:/altera/13.1/lab/qrs_lab1/sfotware/lab1_bsp/\libhal_bsp.a(altera_nios2_qsys_irq.o)
                              E:/altera/13.1/lab/qrs_lab1/sfotware/lab1_bsp/\libhal_bsp.a(alt_sys_init.o) (altera_nios2_qsys_irq_init)
E:/altera/13.1/lab/qrs_lab1/sfotware/lab1_bsp/\libhal_bsp.a(alt_find_dev.o)
                              E:/altera/13.1/lab/qrs_lab1/sfotware/lab1_bsp/\libhal_bsp.a(alt_open.o) (alt_find_dev)
E:/altera/13.1/lab/qrs_lab1/sfotware/lab1_bsp/\libhal_bsp.a(alt_find_file.o)
                              E:/altera/13.1/lab/qrs_lab1/sfotware/lab1_bsp/\libhal_bsp.a(alt_open.o) (alt_find_file)
E:/altera/13.1/lab/qrs_lab1/sfotware/lab1_bsp/\libhal_bsp.a(alt_get_fd.o)
                              E:/altera/13.1/lab/qrs_lab1/sfotware/lab1_bsp/\libhal_bsp.a(alt_open.o) (alt_get_fd)
E:/altera/13.1/lab/qrs_lab1/sfotware/lab1_bsp/\libhal_bsp.a(alt_icache_flush.o)
                              E:/altera/13.1/lab/qrs_lab1/sfotware/lab1_bsp/\libhal_bsp.a(alt_icache_flush_all.o) (alt_icache_flush)
e:/altera/13.1/nios2eds/bin/gnu/h-i686-mingw32/bin/../lib/gcc/nios2-elf/4.7.3/../../../../../H-i686-mingw32/nios2-elf/lib\libsmallc.a(lib_a-int_errno.o)
                              E:/altera/13.1/lab/qrs_lab1/sfotware/lab1_bsp/\libhal_bsp.a(alt_close.o) (errno)
e:/altera/13.1/nios2eds/bin/gnu/h-i686-mingw32/bin/../lib/gcc/nios2-elf/4.7.3/../../../../../H-i686-mingw32/nios2-elf/lib\libsmallc.a(lib_a-memcmp.o)
                              E:/altera/13.1/lab/qrs_lab1/sfotware/lab1_bsp/\libhal_bsp.a(alt_find_dev.o) (memcmp)
e:/altera/13.1/nios2eds/bin/gnu/h-i686-mingw32/bin/../lib/gcc/nios2-elf/4.7.3/../../../../../H-i686-mingw32/nios2-elf/lib\libsmallc.a(lib_a-strlen.o)
                              E:/altera/13.1/lab/qrs_lab1/sfotware/lab1_bsp/\libhal_bsp.a(alt_find_dev.o) (strlen)

Allocating common symbols
Common symbol       size              file

errno               0x4               e:/altera/13.1/nios2eds/bin/gnu/h-i686-mingw32/bin/../lib/gcc/nios2-elf/4.7.3/../../../../../H-i686-mingw32/nios2-elf/lib\libsmallc.a(lib_a-int_errno.o)
r4                  0x4               obj/default/hello_world.o
r5                  0x4               obj/default/hello_world.o

Memory Configuration

Name             Origin             Length             Attributes
onchip_memory2_ram_BEFORE_EXCEPTION 0x00008000         0x00000020
onchip_memory2_ram 0x00008020         0x00004fe0
reset            0x00014000         0x00000020
onchip_memory2_rom 0x00014020         0x000027e0
*default*        0x00000000         0xffffffff

Linker script and memory map

LOAD E:/altera/13.1/lab/qrs_lab1/sfotware/lab1_bsp//obj/HAL/src/crt0.o
LOAD obj/default/hello_world.o
LOAD e:/altera/13.1/nios2eds/bin/gnu/h-i686-mingw32/bin/../lib/gcc/nios2-elf/4.7.3/../../../../../H-i686-mingw32/nios2-elf/lib\libstdc++.a
LOAD e:/altera/13.1/nios2eds/bin/gnu/h-i686-mingw32/bin/../lib/gcc/nios2-elf/4.7.3/../../../../../H-i686-mingw32/nios2-elf/lib\libm.a
LOAD e:/altera/13.1/nios2eds/bin/gnu/h-i686-mingw32/bin/../lib/gcc/nios2-elf/4.7.3\libgcc.a
START GROUP
LOAD e:/altera/13.1/nios2eds/bin/gnu/h-i686-mingw32/bin/../lib/gcc/nios2-elf/4.7.3/../../../../../H-i686-mingw32/nios2-elf/lib\libsmallc.a
LOAD e:/altera/13.1/nios2eds/bin/gnu/h-i686-mingw32/bin/../lib/gcc/nios2-elf/4.7.3\libgcc.a
LOAD E:/altera/13.1/lab/qrs_lab1/sfotware/lab1_bsp/\libhal_bsp.a
END GROUP
LOAD e:/altera/13.1/nios2eds/bin/gnu/h-i686-mingw32/bin/../lib/gcc/nios2-elf/4.7.3\libgcc.a
                0x00008000                __alt_mem_onchip_memory2_ram = 0x8000
                0x00014000                __alt_mem_onchip_memory2_rom = 0x14000

.entry          0x00014000       0x20
 *(.entry)
 .entry         0x00014000       0x20 E:/altera/13.1/lab/qrs_lab1/sfotware/lab1_bsp//obj/HAL/src/crt0.o
                0x00014000                __reset

.exceptions     0x00008020        0x0
                0x00008020                PROVIDE (__ram_exceptions_start, ABSOLUTE (.))
                0x00008020                . = ALIGN (0x20)
 *(.irq)
 *(.exceptions.entry.label)
 *(.exceptions.entry.user)
 *(.exceptions.entry.ecc_fatal)
 *(.exceptions.entry)
 *(.exceptions.irqtest.user)
 *(.exceptions.irqtest)
 *(.exceptions.irqhandler.user)
 *(.exceptions.irqhandler)
 *(.exceptions.irqreturn.user)
 *(.exceptions.irqreturn)
 *(.exceptions.notirq.label)
 *(.exceptions.notirq.user)
 *(.exceptions.notirq)
 *(.exceptions.soft.user)
 *(.exceptions.soft)
 *(.exceptions.unknown.user)
 *(.exceptions.unknown)
 *(.exceptions.exit.label)
 *(.exceptions.exit.user)
 *(.exceptions.exit)
 *(.exceptions)
                0x00008020                PROVIDE (__ram_exceptions_end, ABSOLUTE (.))
                0x00008020                PROVIDE (__flash_exceptions_start, LOADADDR (.exceptions))

.text           0x00008020      0xf48
                0x00008020                PROVIDE (stext, ABSOLUTE (.))
 *(.interp)
 *(.hash)
 *(.dynsym)
 *(.dynstr)
 *(.gnu.version)
 *(.gnu.version_d)
 *(.gnu.version_r)
 *(.rel.init)
 *(.rela.init)
 *(.rel.text .rel.text.* .rel.gnu.linkonce.t.*)
 *(.rela.text .rela.text.* .rela.gnu.linkonce.t.*)
 *(.rel.fini)
 *(.rela.fini)
 *(.rel.rodata .rel.rodata.* .rel.gnu.linkonce.r.*)
 *(.rela.rodata .rela.rodata.* .rela.gnu.linkonce.r.*)
 *(.rel.data .rel.data.* .rel.gnu.linkonce.d.*)
 *(.rela.data .rela.data.* .rela.gnu.linkonce.d.*)
 *(.rel.tdata .rel.tdata.* .rel.gnu.linkonce.td.*)
 *(.rela.tdata .rela.tdata.* .rela.gnu.linkonce.td.*)
 *(.rel.tbss .rel.tbss.* .rel.gnu.linkonce.tb.*)
 *(.rela.tbss .rela.tbss.* .rela.gnu.linkonce.tb.*)
 *(.rel.ctors)
 *(.rela.ctors)
 *(.rel.dtors)
 *(.rela.dtors)
 *(.rel.got)
 *(.rela.got)
 *(.rel.sdata .rel.sdata.* .rel.gnu.linkonce.s.*)
 *(.rela.sdata .rela.sdata.* .rela.gnu.linkonce.s.*)
 *(.rel.sbss .rel.sbss.* .rel.gnu.linkonce.sb.*)
 *(.rela.sbss .rela.sbss.* .rela.gnu.linkonce.sb.*)
 *(.rel.sdata2 .rel.sdata2.* .rel.gnu.linkonce.s2.*)
 *(.rela.sdata2 .rela.sdata2.* .rela.gnu.linkonce.s2.*)
 *(.rel.sbss2 .rel.sbss2.* .rel.gnu.linkonce.sb2.*)
 *(.rela.sbss2 .rela.sbss2.* .rela.gnu.linkonce.sb2.*)
 *(.rel.bss .rel.bss.* .rel.gnu.linkonce.b.*)
 *(.rela.bss .rela.bss.* .rela.gnu.linkonce.b.*)
 *(.rel.plt)
 *(.rela.plt)
 *(.rel.dyn)
 *(.init)
 *(.plt)
 *(.text .stub .text.* .gnu.linkonce.t.*)
 .text          0x00008020       0x4c E:/altera/13.1/lab/qrs_lab1/sfotware/lab1_bsp//obj/HAL/src/crt0.o
                0x00008020                _start
 .text          0x0000806c       0x5c obj/default/hello_world.o
                0x0000806c                main
 .text          0x000080c8       0xec E:/altera/13.1/lab/qrs_lab1/sfotware/lab1_bsp/\libhal_bsp.a(alt_load.o)
                0x00008134                alt_load
 .text          0x000081b4       0x68 E:/altera/13.1/lab/qrs_lab1/sfotware/lab1_bsp/\libhal_bsp.a(alt_main.o)
                0x000081b4                alt_main
 .text          0x0000821c       0xa0 E:/altera/13.1/lab/qrs_lab1/sfotware/lab1_bsp/\libhal_bsp.a(alt_sys_init.o)
                0x00008254                alt_irq_init
                0x00008288                alt_sys_init
 .text          0x000082bc       0xc0 E:/altera/13.1/lab/qrs_lab1/sfotware/lab1_bsp/\libhal_bsp.a(altera_avalon_jtag_uart_fd.o)
                0x000082bc                altera_avalon_jtag_uart_read_fd
                0x0000831c                altera_avalon_jtag_uart_write_fd
 .text          0x0000837c       0xf4 E:/altera/13.1/lab/qrs_lab1/sfotware/lab1_bsp/\libhal_bsp.a(altera_avalon_jtag_uart_read.o)
                0x0000837c                altera_avalon_jtag_uart_read
 .text          0x00008470       0x98 E:/altera/13.1/lab/qrs_lab1/sfotware/lab1_bsp/\libhal_bsp.a(altera_avalon_jtag_uart_write.o)
                0x00008470                altera_avalon_jtag_uart_write
 .text          0x00008508      0x118 E:/altera/13.1/lab/qrs_lab1/sfotware/lab1_bsp/\libhal_bsp.a(alt_close.o)
                0x00008558                close
 .text          0x00008620       0x44 E:/altera/13.1/lab/qrs_lab1/sfotware/lab1_bsp/\libhal_bsp.a(alt_dcache_flush_all.o)
                0x00008620                alt_dcache_flush_all
 .text          0x00008664       0x2c E:/altera/13.1/lab/qrs_lab1/sfotware/lab1_bsp/\libhal_bsp.a(alt_dev.o)
 .text          0x00008690       0xf0 E:/altera/13.1/lab/qrs_lab1/sfotware/lab1_bsp/\libhal_bsp.a(alt_dev_llist_insert.o)
                0x000086e0                alt_dev_llist_insert
 .text          0x00008780        0x0 E:/altera/13.1/lab/qrs_lab1/sfotware/lab1_bsp/\libhal_bsp.a(alt_errno.o)
 .text          0x00008780       0x3c E:/altera/13.1/lab/qrs_lab1/sfotware/lab1_bsp/\libhal_bsp.a(alt_exit.o)
                0x00008780                _exit
 .text          0x000087bc       0x30 E:/altera/13.1/lab/qrs_lab1/sfotware/lab1_bsp/\libhal_bsp.a(alt_icache_flush_all.o)
                0x000087bc                alt_icache_flush_all
 .text          0x000087ec      0x138 E:/altera/13.1/lab/qrs_lab1/sfotware/lab1_bsp/\libhal_bsp.a(alt_io_redirect.o)
                0x000088ac                alt_io_redirect
 .text          0x00008924      0x270 E:/altera/13.1/lab/qrs_lab1/sfotware/lab1_bsp/\libhal_bsp.a(alt_open.o)
                0x00008a40                open
 .text          0x00008b94       0x60 E:/altera/13.1/lab/qrs_lab1/sfotware/lab1_bsp/\libhal_bsp.a(alt_release_fd.o)
                0x00008b94                alt_release_fd
 .text          0x00008bf4       0x20 E:/altera/13.1/lab/qrs_lab1/sfotware/lab1_bsp/\libhal_bsp.a(altera_nios2_qsys_irq.o)
                0x00008bf4                altera_nios2_qsys_irq_init
 .text          0x00008c14       0x90 E:/altera/13.1/lab/qrs_lab1/sfotware/lab1_bsp/\libhal_bsp.a(alt_find_dev.o)
                0x00008c14                alt_find_dev
 .text          0x00008ca4      0x114 E:/altera/13.1/lab/qrs_lab1/sfotware/lab1_bsp/\libhal_bsp.a(alt_find_file.o)
                0x00008ca4                alt_find_file
 .text          0x00008db8       0xb4 E:/altera/13.1/lab/qrs_lab1/sfotware/lab1_bsp/\libhal_bsp.a(alt_get_fd.o)
                0x00008db8                alt_get_fd
 .text          0x00008e6c       0x8c E:/altera/13.1/lab/qrs_lab1/sfotware/lab1_bsp/\libhal_bsp.a(alt_icache_flush.o)
                0x00008e6c                alt_icache_flush
 .text          0x00008ef8        0x0 e:/altera/13.1/nios2eds/bin/gnu/h-i686-mingw32/bin/../lib/gcc/nios2-elf/4.7.3/../../../../../H-i686-mingw32/nios2-elf/lib\libsmallc.a(lib_a-int_errno.o)
 .text          0x00008ef8       0x48 e:/altera/13.1/nios2eds/bin/gnu/h-i686-mingw32/bin/../lib/gcc/nios2-elf/4.7.3/../../../../../H-i686-mingw32/nios2-elf/lib\libsmallc.a(lib_a-memcmp.o)
                0x00008ef8                memcmp
 .text          0x00008f40       0x28 e:/altera/13.1/nios2eds/bin/gnu/h-i686-mingw32/bin/../lib/gcc/nios2-elf/4.7.3/../../../../../H-i686-mingw32/nios2-elf/lib\libsmallc.a(lib_a-strlen.o)
                0x00008f40                strlen
 *(.gnu.warning.*)
 *(.fini)
                0x00008f68                PROVIDE (__etext, ABSOLUTE (.))
                0x00008f68                PROVIDE (_etext, ABSOLUTE (.))
                0x00008f68                PROVIDE (etext, ABSOLUTE (.))
 *(.eh_frame_hdr)
                0x00008f68                . = ALIGN (0x4)
                0x00008f68                PROVIDE (__preinit_array_start, ABSOLUTE (.))
 *(.preinit_array)
                0x00008f68                PROVIDE (__preinit_array_end, ABSOLUTE (.))
                0x00008f68                PROVIDE (__init_array_start, ABSOLUTE (.))
 *(.init_array)
                0x00008f68                PROVIDE (__init_array_end, ABSOLUTE (.))
                0x00008f68                PROVIDE (__fini_array_start, ABSOLUTE (.))
 *(.fini_array)
                0x00008f68                PROVIDE (__fini_array_end, ABSOLUTE (.))
 *(.eh_frame)
 *(.gcc_except_table .gcc_except_table.*)
 *(.dynamic)
                0x00008f68                PROVIDE (__CTOR_LIST__, ABSOLUTE (.))
 *(.ctors)
 *(SORT(.ctors.*))
                0x00008f68                PROVIDE (__CTOR_END__, ABSOLUTE (.))
                0x00008f68                PROVIDE (__DTOR_LIST__, ABSOLUTE (.))
 *(.dtors)
 *(SORT(.dtors.*))
                0x00008f68                PROVIDE (__DTOR_END__, ABSOLUTE (.))
 *(.jcr)
                0x00008f68                . = ALIGN (0x4)

.rodata         0x00008f68       0x34
                0x00008f68                PROVIDE (__ram_rodata_start, ABSOLUTE (.))
                0x00008f68                . = ALIGN (0x4)
 *(.rodata .rodata.* .gnu.linkonce.r.*)
 .rodata        0x00008f68       0x14 E:/altera/13.1/lab/qrs_lab1/sfotware/lab1_bsp/\libhal_bsp.a(alt_main.o)
 .rodata        0x00008f7c       0x14 E:/altera/13.1/lab/qrs_lab1/sfotware/lab1_bsp/\libhal_bsp.a(alt_sys_init.o)
 .rodata        0x00008f90        0xc E:/altera/13.1/lab/qrs_lab1/sfotware/lab1_bsp/\libhal_bsp.a(alt_dev.o)
 *(.rodata1)
                0x00008f9c                . = ALIGN (0x4)
                0x00008f9c                PROVIDE (__ram_rodata_end, ABSOLUTE (.))
                0x00008f68                PROVIDE (__flash_rodata_start, LOADADDR (.rodata))

.rwdata         0x00008f9c      0x1f0 load address 0x0000918c
                0x00008f9c                PROVIDE (__ram_rwdata_start, ABSOLUTE (.))
                0x00008f9c                . = ALIGN (0x4)
 *(.got.plt)
 *(.got)
 *(.data1)
 *(.data .data.* .gnu.linkonce.d.*)
 .data          0x00008f9c        0x0 E:/altera/13.1/lab/qrs_lab1/sfotware/lab1_bsp//obj/HAL/src/crt0.o
 .data          0x00008f9c        0x0 obj/default/hello_world.o
 .data          0x00008f9c        0x0 E:/altera/13.1/lab/qrs_lab1/sfotware/lab1_bsp/\libhal_bsp.a(alt_load.o)
 .data          0x00008f9c        0x0 E:/altera/13.1/lab/qrs_lab1/sfotware/lab1_bsp/\libhal_bsp.a(alt_main.o)
 .data          0x00008f9c       0x2c E:/altera/13.1/lab/qrs_lab1/sfotware/lab1_bsp/\libhal_bsp.a(alt_sys_init.o)
 .data          0x00008fc8        0x0 E:/altera/13.1/lab/qrs_lab1/sfotware/lab1_bsp/\libhal_bsp.a(altera_avalon_jtag_uart_fd.o)
 .data          0x00008fc8        0x0 E:/altera/13.1/lab/qrs_lab1/sfotware/lab1_bsp/\libhal_bsp.a(altera_avalon_jtag_uart_read.o)
 .data          0x00008fc8        0x0 E:/altera/13.1/lab/qrs_lab1/sfotware/lab1_bsp/\libhal_bsp.a(altera_avalon_jtag_uart_write.o)
 .data          0x00008fc8        0x0 E:/altera/13.1/lab/qrs_lab1/sfotware/lab1_bsp/\libhal_bsp.a(alt_close.o)
 .data          0x00008fc8        0x0 E:/altera/13.1/lab/qrs_lab1/sfotware/lab1_bsp/\libhal_bsp.a(alt_dcache_flush_all.o)
 .data          0x00008fc8      0x1a8 E:/altera/13.1/lab/qrs_lab1/sfotware/lab1_bsp/\libhal_bsp.a(alt_dev.o)
                0x00008fc8                alt_dev_null
                0x00008ff0                alt_fd_list
 .data          0x00009170        0x0 E:/altera/13.1/lab/qrs_lab1/sfotware/lab1_bsp/\libhal_bsp.a(alt_dev_llist_insert.o)
 .data          0x00009170        0x0 E:/altera/13.1/lab/qrs_lab1/sfotware/lab1_bsp/\libhal_bsp.a(alt_errno.o)
 .data          0x00009170        0x0 E:/altera/13.1/lab/qrs_lab1/sfotware/lab1_bsp/\libhal_bsp.a(alt_exit.o)
 .data          0x00009170        0x0 E:/altera/13.1/lab/qrs_lab1/sfotware/lab1_bsp/\libhal_bsp.a(alt_icache_flush_all.o)
 .data          0x00009170        0x0 E:/altera/13.1/lab/qrs_lab1/sfotware/lab1_bsp/\libhal_bsp.a(alt_io_redirect.o)
 .data          0x00009170        0x0 E:/altera/13.1/lab/qrs_lab1/sfotware/lab1_bsp/\libhal_bsp.a(alt_open.o)
 .data          0x00009170        0x0 E:/altera/13.1/lab/qrs_lab1/sfotware/lab1_bsp/\libhal_bsp.a(alt_release_fd.o)
 .data          0x00009170        0x0 E:/altera/13.1/lab/qrs_lab1/sfotware/lab1_bsp/\libhal_bsp.a(altera_nios2_qsys_irq.o)
 .data          0x00009170        0x0 E:/altera/13.1/lab/qrs_lab1/sfotware/lab1_bsp/\libhal_bsp.a(alt_find_dev.o)
 .data          0x00009170        0x0 E:/altera/13.1/lab/qrs_lab1/sfotware/lab1_bsp/\libhal_bsp.a(alt_find_file.o)
 .data          0x00009170        0x0 E:/altera/13.1/lab/qrs_lab1/sfotware/lab1_bsp/\libhal_bsp.a(alt_get_fd.o)
 .data          0x00009170        0x0 E:/altera/13.1/lab/qrs_lab1/sfotware/lab1_bsp/\libhal_bsp.a(alt_icache_flush.o)
 .data          0x00009170        0x0 e:/altera/13.1/nios2eds/bin/gnu/h-i686-mingw32/bin/../lib/gcc/nios2-elf/4.7.3/../../../../../H-i686-mingw32/nios2-elf/lib\libsmallc.a(lib_a-int_errno.o)
 .data          0x00009170        0x0 e:/altera/13.1/nios2eds/bin/gnu/h-i686-mingw32/bin/../lib/gcc/nios2-elf/4.7.3/../../../../../H-i686-mingw32/nios2-elf/lib\libsmallc.a(lib_a-memcmp.o)
 .data          0x00009170        0x0 e:/altera/13.1/nios2eds/bin/gnu/h-i686-mingw32/bin/../lib/gcc/nios2-elf/4.7.3/../../../../../H-i686-mingw32/nios2-elf/lib\libsmallc.a(lib_a-strlen.o)
                0x00011170                _gp = ABSOLUTE ((. + 0x8000))
                0x00011170                PROVIDE (gp, _gp)
 *(.rwdata .rwdata.*)
 *(.sdata .sdata.* .gnu.linkonce.s.*)
 .sdata         0x00009170        0x4 obj/default/hello_world.o
                0x00009170                num
 .sdata         0x00009174       0x14 E:/altera/13.1/lab/qrs_lab1/sfotware/lab1_bsp/\libhal_bsp.a(alt_dev.o)
                0x00009174                alt_fs_list
                0x0000917c                alt_dev_list
                0x00009184                alt_max_fd
 .sdata         0x00009188        0x4 E:/altera/13.1/lab/qrs_lab1/sfotware/lab1_bsp/\libhal_bsp.a(alt_errno.o)
                0x00009188                alt_errno
 *(.sdata2 .sdata2.* .gnu.linkonce.s2.*)
                0x0000918c                . = ALIGN (0x4)
                0x0000918c                _edata = ABSOLUTE (.)
                0x0000918c                PROVIDE (edata, ABSOLUTE (.))
                0x0000918c                PROVIDE (__ram_rwdata_end, ABSOLUTE (.))
                0x0000918c                PROVIDE (__flash_rwdata_start, LOADADDR (.rwdata))

.bss            0x0000937c       0x1c
                0x0000937c                __bss_start = ABSOLUTE (.)
                0x0000937c                PROVIDE (__sbss_start, ABSOLUTE (.))
                0x0000937c                PROVIDE (___sbss_start, ABSOLUTE (.))
 *(.dynsbss)
 *(.sbss .sbss.* .gnu.linkonce.sb.*)
 .sbss          0x0000937c        0x4 obj/default/hello_world.o
                0x0000937c                r2
 .sbss          0x00009380        0x8 obj/default/hello_world.o
                0x00009380                r4
                0x00009384                r5
 .sbss          0x00009388        0xc E:/altera/13.1/lab/qrs_lab1/sfotware/lab1_bsp/\libhal_bsp.a(alt_main.o)
                0x00009388                alt_argc
                0x0000938c                alt_argv
                0x00009390                alt_envp
 .sbss          0x00009394        0x4 e:/altera/13.1/nios2eds/bin/gnu/h-i686-mingw32/bin/../lib/gcc/nios2-elf/4.7.3/../../../../../H-i686-mingw32/nios2-elf/lib\libsmallc.a(lib_a-int_errno.o)
                0x00009394                errno
 *(.sbss2 .sbss2.* .gnu.linkonce.sb2.*)
 *(.scommon)
                0x00009398                PROVIDE (__sbss_end, ABSOLUTE (.))
                0x00009398                PROVIDE (___sbss_end, ABSOLUTE (.))
 *(.dynbss)
 *(.bss .bss.* .gnu.linkonce.b.*)
 .bss           0x00009398        0x0 E:/altera/13.1/lab/qrs_lab1/sfotware/lab1_bsp//obj/HAL/src/crt0.o
 .bss           0x00009398        0x0 obj/default/hello_world.o
 .bss           0x00009398        0x0 E:/altera/13.1/lab/qrs_lab1/sfotware/lab1_bsp/\libhal_bsp.a(alt_load.o)
 .bss           0x00009398        0x0 E:/altera/13.1/lab/qrs_lab1/sfotware/lab1_bsp/\libhal_bsp.a(alt_main.o)
 .bss           0x00009398        0x0 E:/altera/13.1/lab/qrs_lab1/sfotware/lab1_bsp/\libhal_bsp.a(alt_sys_init.o)
 .bss           0x00009398        0x0 E:/altera/13.1/lab/qrs_lab1/sfotware/lab1_bsp/\libhal_bsp.a(altera_avalon_jtag_uart_fd.o)
 .bss           0x00009398        0x0 E:/altera/13.1/lab/qrs_lab1/sfotware/lab1_bsp/\libhal_bsp.a(altera_avalon_jtag_uart_read.o)
 .bss           0x00009398        0x0 E:/altera/13.1/lab/qrs_lab1/sfotware/lab1_bsp/\libhal_bsp.a(altera_avalon_jtag_uart_write.o)
 .bss           0x00009398        0x0 E:/altera/13.1/lab/qrs_lab1/sfotware/lab1_bsp/\libhal_bsp.a(alt_close.o)
 .bss           0x00009398        0x0 E:/altera/13.1/lab/qrs_lab1/sfotware/lab1_bsp/\libhal_bsp.a(alt_dcache_flush_all.o)
 .bss           0x00009398        0x0 E:/altera/13.1/lab/qrs_lab1/sfotware/lab1_bsp/\libhal_bsp.a(alt_dev.o)
 .bss           0x00009398        0x0 E:/altera/13.1/lab/qrs_lab1/sfotware/lab1_bsp/\libhal_bsp.a(alt_dev_llist_insert.o)
 .bss           0x00009398        0x0 E:/altera/13.1/lab/qrs_lab1/sfotware/lab1_bsp/\libhal_bsp.a(alt_errno.o)
 .bss           0x00009398        0x0 E:/altera/13.1/lab/qrs_lab1/sfotware/lab1_bsp/\libhal_bsp.a(alt_exit.o)
 .bss           0x00009398        0x0 E:/altera/13.1/lab/qrs_lab1/sfotware/lab1_bsp/\libhal_bsp.a(alt_icache_flush_all.o)
 .bss           0x00009398        0x0 E:/altera/13.1/lab/qrs_lab1/sfotware/lab1_bsp/\libhal_bsp.a(alt_io_redirect.o)
 .bss           0x00009398        0x0 E:/altera/13.1/lab/qrs_lab1/sfotware/lab1_bsp/\libhal_bsp.a(alt_open.o)
 .bss           0x00009398        0x0 E:/altera/13.1/lab/qrs_lab1/sfotware/lab1_bsp/\libhal_bsp.a(alt_release_fd.o)
 .bss           0x00009398        0x0 E:/altera/13.1/lab/qrs_lab1/sfotware/lab1_bsp/\libhal_bsp.a(altera_nios2_qsys_irq.o)
 .bss           0x00009398        0x0 E:/altera/13.1/lab/qrs_lab1/sfotware/lab1_bsp/\libhal_bsp.a(alt_find_dev.o)
 .bss           0x00009398        0x0 E:/altera/13.1/lab/qrs_lab1/sfotware/lab1_bsp/\libhal_bsp.a(alt_find_file.o)
 .bss           0x00009398        0x0 E:/altera/13.1/lab/qrs_lab1/sfotware/lab1_bsp/\libhal_bsp.a(alt_get_fd.o)
 .bss           0x00009398        0x0 E:/altera/13.1/lab/qrs_lab1/sfotware/lab1_bsp/\libhal_bsp.a(alt_icache_flush.o)
 .bss           0x00009398        0x0 e:/altera/13.1/nios2eds/bin/gnu/h-i686-mingw32/bin/../lib/gcc/nios2-elf/4.7.3/../../../../../H-i686-mingw32/nios2-elf/lib\libsmallc.a(lib_a-int_errno.o)
 .bss           0x00009398        0x0 e:/altera/13.1/nios2eds/bin/gnu/h-i686-mingw32/bin/../lib/gcc/nios2-elf/4.7.3/../../../../../H-i686-mingw32/nios2-elf/lib\libsmallc.a(lib_a-memcmp.o)
 .bss           0x00009398        0x0 e:/altera/13.1/nios2eds/bin/gnu/h-i686-mingw32/bin/../lib/gcc/nios2-elf/4.7.3/../../../../../H-i686-mingw32/nios2-elf/lib\libsmallc.a(lib_a-strlen.o)
 *(COMMON)
                0x00009398                . = ALIGN (0x4)
                0x00009398                __bss_end = ABSOLUTE (.)

.onchip_memory2_ram
                0x00009398        0x0
                0x00009398                PROVIDE (_alt_partition_onchip_memory2_ram_start, ABSOLUTE (.))
 *(.onchip_memory2_ram .onchip_memory2_ram. onchip_memory2_ram.*)
                0x00009398                . = ALIGN (0x4)
                0x00009398                PROVIDE (_alt_partition_onchip_memory2_ram_end, ABSOLUTE (.))
                0x00009398                _end = ABSOLUTE (.)
                0x00009398                end = ABSOLUTE (.)
                0x00009398                __alt_stack_base = ABSOLUTE (.)
                0x00009398                PROVIDE (_alt_partition_onchip_memory2_ram_load_addr, LOADADDR (.onchip_memory2_ram))

.onchip_memory2_rom
                0x00014020        0x0 load address 0x00009398
                0x00014020                PROVIDE (_alt_partition_onchip_memory2_rom_start, ABSOLUTE (.))
 *(.onchip_memory2_rom .onchip_memory2_rom. onchip_memory2_rom.*)
                0x00014020                . = ALIGN (0x4)
                0x00014020                PROVIDE (_alt_partition_onchip_memory2_rom_end, ABSOLUTE (.))
                0x00009398                PROVIDE (_alt_partition_onchip_memory2_rom_load_addr, LOADADDR (.onchip_memory2_rom))

.stab
 *(.stab)

.stabstr
 *(.stabstr)

.stab.excl
 *(.stab.excl)

.stab.exclstr
 *(.stab.exclstr)

.stab.index
 *(.stab.index)

.stab.indexstr
 *(.stab.indexstr)

.comment        0x00000000       0x23
 *(.comment)
 .comment       0x00000000       0x23 obj/default/hello_world.o
                                 0x24 (size before relaxing)
 .comment       0x00000000       0x24 E:/altera/13.1/lab/qrs_lab1/sfotware/lab1_bsp/\libhal_bsp.a(alt_load.o)
 .comment       0x00000000       0x24 E:/altera/13.1/lab/qrs_lab1/sfotware/lab1_bsp/\libhal_bsp.a(alt_main.o)
 .comment       0x00000000       0x24 E:/altera/13.1/lab/qrs_lab1/sfotware/lab1_bsp/\libhal_bsp.a(alt_sys_init.o)
 .comment       0x00000000       0x24 E:/altera/13.1/lab/qrs_lab1/sfotware/lab1_bsp/\libhal_bsp.a(altera_avalon_jtag_uart_fd.o)
 .comment       0x00000000       0x24 E:/altera/13.1/lab/qrs_lab1/sfotware/lab1_bsp/\libhal_bsp.a(altera_avalon_jtag_uart_read.o)
 .comment       0x00000000       0x24 E:/altera/13.1/lab/qrs_lab1/sfotware/lab1_bsp/\libhal_bsp.a(altera_avalon_jtag_uart_write.o)
 .comment       0x00000000       0x24 E:/altera/13.1/lab/qrs_lab1/sfotware/lab1_bsp/\libhal_bsp.a(alt_close.o)
 .comment       0x00000000       0x24 E:/altera/13.1/lab/qrs_lab1/sfotware/lab1_bsp/\libhal_bsp.a(alt_dcache_flush_all.o)
 .comment       0x00000000       0x24 E:/altera/13.1/lab/qrs_lab1/sfotware/lab1_bsp/\libhal_bsp.a(alt_dev.o)
 .comment       0x00000000       0x24 E:/altera/13.1/lab/qrs_lab1/sfotware/lab1_bsp/\libhal_bsp.a(alt_dev_llist_insert.o)
 .comment       0x00000000       0x24 E:/altera/13.1/lab/qrs_lab1/sfotware/lab1_bsp/\libhal_bsp.a(alt_errno.o)
 .comment       0x00000000       0x24 E:/altera/13.1/lab/qrs_lab1/sfotware/lab1_bsp/\libhal_bsp.a(alt_exit.o)
 .comment       0x00000000       0x24 E:/altera/13.1/lab/qrs_lab1/sfotware/lab1_bsp/\libhal_bsp.a(alt_icache_flush_all.o)
 .comment       0x00000000       0x24 E:/altera/13.1/lab/qrs_lab1/sfotware/lab1_bsp/\libhal_bsp.a(alt_io_redirect.o)
 .comment       0x00000000       0x24 E:/altera/13.1/lab/qrs_lab1/sfotware/lab1_bsp/\libhal_bsp.a(alt_open.o)
 .comment       0x00000000       0x24 E:/altera/13.1/lab/qrs_lab1/sfotware/lab1_bsp/\libhal_bsp.a(alt_release_fd.o)
 .comment       0x00000000       0x24 E:/altera/13.1/lab/qrs_lab1/sfotware/lab1_bsp/\libhal_bsp.a(altera_nios2_qsys_irq.o)
 .comment       0x00000000       0x24 E:/altera/13.1/lab/qrs_lab1/sfotware/lab1_bsp/\libhal_bsp.a(alt_find_dev.o)
 .comment       0x00000000       0x24 E:/altera/13.1/lab/qrs_lab1/sfotware/lab1_bsp/\libhal_bsp.a(alt_find_file.o)
 .comment       0x00000000       0x24 E:/altera/13.1/lab/qrs_lab1/sfotware/lab1_bsp/\libhal_bsp.a(alt_get_fd.o)
 .comment       0x00000000       0x24 E:/altera/13.1/lab/qrs_lab1/sfotware/lab1_bsp/\libhal_bsp.a(alt_icache_flush.o)
 .comment       0x00000000       0x24 e:/altera/13.1/nios2eds/bin/gnu/h-i686-mingw32/bin/../lib/gcc/nios2-elf/4.7.3/../../../../../H-i686-mingw32/nios2-elf/lib\libsmallc.a(lib_a-int_errno.o)
 .comment       0x00000000       0x24 e:/altera/13.1/nios2eds/bin/gnu/h-i686-mingw32/bin/../lib/gcc/nios2-elf/4.7.3/../../../../../H-i686-mingw32/nios2-elf/lib\libsmallc.a(lib_a-memcmp.o)
 .comment       0x00000000       0x24 e:/altera/13.1/nios2eds/bin/gnu/h-i686-mingw32/bin/../lib/gcc/nios2-elf/4.7.3/../../../../../H-i686-mingw32/nios2-elf/lib\libsmallc.a(lib_a-strlen.o)

.debug
 *(.debug)

.line
 *(.line)

.debug_srcinfo
 *(.debug_srcinfo)

.debug_sfnames
 *(.debug_sfnames)

.debug_aranges  0x00000000      0x338
 *(.debug_aranges)
 .debug_aranges
                0x00000000       0x28 E:/altera/13.1/lab/qrs_lab1/sfotware/lab1_bsp//obj/HAL/src/crt0.o
 .debug_aranges
                0x00000028       0x20 obj/default/hello_world.o
 .debug_aranges
                0x00000048       0x20 E:/altera/13.1/lab/qrs_lab1/sfotware/lab1_bsp/\libhal_bsp.a(alt_load.o)
 .debug_aranges
                0x00000068       0x20 E:/altera/13.1/lab/qrs_lab1/sfotware/lab1_bsp/\libhal_bsp.a(alt_main.o)
 .debug_aranges
                0x00000088       0x20 E:/altera/13.1/lab/qrs_lab1/sfotware/lab1_bsp/\libhal_bsp.a(alt_sys_init.o)
 .debug_aranges
                0x000000a8       0x20 E:/altera/13.1/lab/qrs_lab1/sfotware/lab1_bsp/\libhal_bsp.a(altera_avalon_jtag_uart_fd.o)
 .debug_aranges
                0x000000c8       0x20 E:/altera/13.1/lab/qrs_lab1/sfotware/lab1_bsp/\libhal_bsp.a(altera_avalon_jtag_uart_read.o)
 .debug_aranges
                0x000000e8       0x20 E:/altera/13.1/lab/qrs_lab1/sfotware/lab1_bsp/\libhal_bsp.a(altera_avalon_jtag_uart_write.o)
 .debug_aranges
                0x00000108       0x20 E:/altera/13.1/lab/qrs_lab1/sfotware/lab1_bsp/\libhal_bsp.a(alt_close.o)
 .debug_aranges
                0x00000128       0x20 E:/altera/13.1/lab/qrs_lab1/sfotware/lab1_bsp/\libhal_bsp.a(alt_dcache_flush_all.o)
 .debug_aranges
                0x00000148       0x20 E:/altera/13.1/lab/qrs_lab1/sfotware/lab1_bsp/\libhal_bsp.a(alt_dev.o)
 .debug_aranges
                0x00000168       0x20 E:/altera/13.1/lab/qrs_lab1/sfotware/lab1_bsp/\libhal_bsp.a(alt_dev_llist_insert.o)
 .debug_aranges
                0x00000188       0x18 E:/altera/13.1/lab/qrs_lab1/sfotware/lab1_bsp/\libhal_bsp.a(alt_errno.o)
 .debug_aranges
                0x000001a0       0x20 E:/altera/13.1/lab/qrs_lab1/sfotware/lab1_bsp/\libhal_bsp.a(alt_exit.o)
 .debug_aranges
                0x000001c0       0x20 E:/altera/13.1/lab/qrs_lab1/sfotware/lab1_bsp/\libhal_bsp.a(alt_icache_flush_all.o)
 .debug_aranges
                0x000001e0       0x20 E:/altera/13.1/lab/qrs_lab1/sfotware/lab1_bsp/\libhal_bsp.a(alt_io_redirect.o)
 .debug_aranges
                0x00000200       0x20 E:/altera/13.1/lab/qrs_lab1/sfotware/lab1_bsp/\libhal_bsp.a(alt_open.o)
 .debug_aranges
                0x00000220       0x20 E:/altera/13.1/lab/qrs_lab1/sfotware/lab1_bsp/\libhal_bsp.a(alt_release_fd.o)
 .debug_aranges
                0x00000240       0x20 E:/altera/13.1/lab/qrs_lab1/sfotware/lab1_bsp/\libhal_bsp.a(altera_nios2_qsys_irq.o)
 .debug_aranges
                0x00000260       0x20 E:/altera/13.1/lab/qrs_lab1/sfotware/lab1_bsp/\libhal_bsp.a(alt_find_dev.o)
 .debug_aranges
                0x00000280       0x20 E:/altera/13.1/lab/qrs_lab1/sfotware/lab1_bsp/\libhal_bsp.a(alt_find_file.o)
 .debug_aranges
                0x000002a0       0x20 E:/altera/13.1/lab/qrs_lab1/sfotware/lab1_bsp/\libhal_bsp.a(alt_get_fd.o)
 .debug_aranges
                0x000002c0       0x20 E:/altera/13.1/lab/qrs_lab1/sfotware/lab1_bsp/\libhal_bsp.a(alt_icache_flush.o)
 .debug_aranges
                0x000002e0       0x18 e:/altera/13.1/nios2eds/bin/gnu/h-i686-mingw32/bin/../lib/gcc/nios2-elf/4.7.3/../../../../../H-i686-mingw32/nios2-elf/lib\libsmallc.a(lib_a-int_errno.o)
 .debug_aranges
                0x000002f8       0x20 e:/altera/13.1/nios2eds/bin/gnu/h-i686-mingw32/bin/../lib/gcc/nios2-elf/4.7.3/../../../../../H-i686-mingw32/nios2-elf/lib\libsmallc.a(lib_a-memcmp.o)
 .debug_aranges
                0x00000318       0x20 e:/altera/13.1/nios2eds/bin/gnu/h-i686-mingw32/bin/../lib/gcc/nios2-elf/4.7.3/../../../../../H-i686-mingw32/nios2-elf/lib\libsmallc.a(lib_a-strlen.o)

.debug_pubnames
 *(.debug_pubnames)

.debug_info     0x00000000     0x3445
 *(.debug_info .gnu.linkonce.wi.*)
 .debug_info    0x00000000       0x62 E:/altera/13.1/lab/qrs_lab1/sfotware/lab1_bsp//obj/HAL/src/crt0.o
 .debug_info    0x00000062       0xd8 obj/default/hello_world.o
 .debug_info    0x0000013a      0x135 E:/altera/13.1/lab/qrs_lab1/sfotware/lab1_bsp/\libhal_bsp.a(alt_load.o)
 .debug_info    0x0000026f      0x139 E:/altera/13.1/lab/qrs_lab1/sfotware/lab1_bsp/\libhal_bsp.a(alt_main.o)
 .debug_info    0x000003a8      0x406 E:/altera/13.1/lab/qrs_lab1/sfotware/lab1_bsp/\libhal_bsp.a(alt_sys_init.o)
 .debug_info    0x000007ae      0x3da E:/altera/13.1/lab/qrs_lab1/sfotware/lab1_bsp/\libhal_bsp.a(altera_avalon_jtag_uart_fd.o)
 .debug_info    0x00000b88      0x1bc E:/altera/13.1/lab/qrs_lab1/sfotware/lab1_bsp/\libhal_bsp.a(altera_avalon_jtag_uart_read.o)
 .debug_info    0x00000d44      0x19f E:/altera/13.1/lab/qrs_lab1/sfotware/lab1_bsp/\libhal_bsp.a(altera_avalon_jtag_uart_write.o)
 .debug_info    0x00000ee3      0x350 E:/altera/13.1/lab/qrs_lab1/sfotware/lab1_bsp/\libhal_bsp.a(alt_close.o)
 .debug_info    0x00001233       0xa3 E:/altera/13.1/lab/qrs_lab1/sfotware/lab1_bsp/\libhal_bsp.a(alt_dcache_flush_all.o)
 .debug_info    0x000012d6      0x4e3 E:/altera/13.1/lab/qrs_lab1/sfotware/lab1_bsp/\libhal_bsp.a(alt_dev.o)
 .debug_info    0x000017b9      0x1b9 E:/altera/13.1/lab/qrs_lab1/sfotware/lab1_bsp/\libhal_bsp.a(alt_dev_llist_insert.o)
 .debug_info    0x00001972       0xa3 E:/altera/13.1/lab/qrs_lab1/sfotware/lab1_bsp/\libhal_bsp.a(alt_errno.o)
 .debug_info    0x00001a15       0xec E:/altera/13.1/lab/qrs_lab1/sfotware/lab1_bsp/\libhal_bsp.a(alt_exit.o)
 .debug_info    0x00001b01       0x90 E:/altera/13.1/lab/qrs_lab1/sfotware/lab1_bsp/\libhal_bsp.a(alt_icache_flush_all.o)
 .debug_info    0x00001b91      0x4f0 E:/altera/13.1/lab/qrs_lab1/sfotware/lab1_bsp/\libhal_bsp.a(alt_io_redirect.o)
 .debug_info    0x00002081      0x3f0 E:/altera/13.1/lab/qrs_lab1/sfotware/lab1_bsp/\libhal_bsp.a(alt_open.o)
 .debug_info    0x00002471      0x2dd E:/altera/13.1/lab/qrs_lab1/sfotware/lab1_bsp/\libhal_bsp.a(alt_release_fd.o)
 .debug_info    0x0000274e       0x90 E:/altera/13.1/lab/qrs_lab1/sfotware/lab1_bsp/\libhal_bsp.a(altera_nios2_qsys_irq.o)
 .debug_info    0x000027de      0x30d E:/altera/13.1/lab/qrs_lab1/sfotware/lab1_bsp/\libhal_bsp.a(alt_find_dev.o)
 .debug_info    0x00002aeb      0x30c E:/altera/13.1/lab/qrs_lab1/sfotware/lab1_bsp/\libhal_bsp.a(alt_find_file.o)
 .debug_info    0x00002df7      0x339 E:/altera/13.1/lab/qrs_lab1/sfotware/lab1_bsp/\libhal_bsp.a(alt_get_fd.o)
 .debug_info    0x00003130       0xda E:/altera/13.1/lab/qrs_lab1/sfotware/lab1_bsp/\libhal_bsp.a(alt_icache_flush.o)
 .debug_info    0x0000320a       0x84 e:/altera/13.1/nios2eds/bin/gnu/h-i686-mingw32/bin/../lib/gcc/nios2-elf/4.7.3/../../../../../H-i686-mingw32/nios2-elf/lib\libsmallc.a(lib_a-int_errno.o)
 .debug_info    0x0000328e       0xf1 e:/altera/13.1/nios2eds/bin/gnu/h-i686-mingw32/bin/../lib/gcc/nios2-elf/4.7.3/../../../../../H-i686-mingw32/nios2-elf/lib\libsmallc.a(lib_a-memcmp.o)
 .debug_info    0x0000337f       0xc6 e:/altera/13.1/nios2eds/bin/gnu/h-i686-mingw32/bin/../lib/gcc/nios2-elf/4.7.3/../../../../../H-i686-mingw32/nios2-elf/lib\libsmallc.a(lib_a-strlen.o)

.debug_abbrev   0x00000000     0x1284
 *(.debug_abbrev)
 .debug_abbrev  0x00000000       0x12 E:/altera/13.1/lab/qrs_lab1/sfotware/lab1_bsp//obj/HAL/src/crt0.o
 .debug_abbrev  0x00000012       0x53 obj/default/hello_world.o
 .debug_abbrev  0x00000065       0x9d E:/altera/13.1/lab/qrs_lab1/sfotware/lab1_bsp/\libhal_bsp.a(alt_load.o)
 .debug_abbrev  0x00000102       0xba E:/altera/13.1/lab/qrs_lab1/sfotware/lab1_bsp/\libhal_bsp.a(alt_main.o)
 .debug_abbrev  0x000001bc      0x155 E:/altera/13.1/lab/qrs_lab1/sfotware/lab1_bsp/\libhal_bsp.a(alt_sys_init.o)
 .debug_abbrev  0x00000311       0xf7 E:/altera/13.1/lab/qrs_lab1/sfotware/lab1_bsp/\libhal_bsp.a(altera_avalon_jtag_uart_fd.o)
 .debug_abbrev  0x00000408       0xd5 E:/altera/13.1/lab/qrs_lab1/sfotware/lab1_bsp/\libhal_bsp.a(altera_avalon_jtag_uart_read.o)
 .debug_abbrev  0x000004dd       0xd5 E:/altera/13.1/lab/qrs_lab1/sfotware/lab1_bsp/\libhal_bsp.a(altera_avalon_jtag_uart_write.o)
 .debug_abbrev  0x000005b2      0x11f E:/altera/13.1/lab/qrs_lab1/sfotware/lab1_bsp/\libhal_bsp.a(alt_close.o)
 .debug_abbrev  0x000006d1       0x5a E:/altera/13.1/lab/qrs_lab1/sfotware/lab1_bsp/\libhal_bsp.a(alt_dcache_flush_all.o)
 .debug_abbrev  0x0000072b       0xd9 E:/altera/13.1/lab/qrs_lab1/sfotware/lab1_bsp/\libhal_bsp.a(alt_dev.o)
 .debug_abbrev  0x00000804      0x114 E:/altera/13.1/lab/qrs_lab1/sfotware/lab1_bsp/\libhal_bsp.a(alt_dev_llist_insert.o)
 .debug_abbrev  0x00000918       0x5a E:/altera/13.1/lab/qrs_lab1/sfotware/lab1_bsp/\libhal_bsp.a(alt_errno.o)
 .debug_abbrev  0x00000972       0xa6 E:/altera/13.1/lab/qrs_lab1/sfotware/lab1_bsp/\libhal_bsp.a(alt_exit.o)
 .debug_abbrev  0x00000a18       0x42 E:/altera/13.1/lab/qrs_lab1/sfotware/lab1_bsp/\libhal_bsp.a(alt_icache_flush_all.o)
 .debug_abbrev  0x00000a5a      0x114 E:/altera/13.1/lab/qrs_lab1/sfotware/lab1_bsp/\libhal_bsp.a(alt_io_redirect.o)
 .debug_abbrev  0x00000b6e      0x148 E:/altera/13.1/lab/qrs_lab1/sfotware/lab1_bsp/\libhal_bsp.a(alt_open.o)
 .debug_abbrev  0x00000cb6       0xde E:/altera/13.1/lab/qrs_lab1/sfotware/lab1_bsp/\libhal_bsp.a(alt_release_fd.o)
 .debug_abbrev  0x00000d94       0x42 E:/altera/13.1/lab/qrs_lab1/sfotware/lab1_bsp/\libhal_bsp.a(altera_nios2_qsys_irq.o)
 .debug_abbrev  0x00000dd6       0xf0 E:/altera/13.1/lab/qrs_lab1/sfotware/lab1_bsp/\libhal_bsp.a(alt_find_dev.o)
 .debug_abbrev  0x00000ec6       0xf0 E:/altera/13.1/lab/qrs_lab1/sfotware/lab1_bsp/\libhal_bsp.a(alt_find_file.o)
 .debug_abbrev  0x00000fb6      0x10d E:/altera/13.1/lab/qrs_lab1/sfotware/lab1_bsp/\libhal_bsp.a(alt_get_fd.o)
 .debug_abbrev  0x000010c3       0x8c E:/altera/13.1/lab/qrs_lab1/sfotware/lab1_bsp/\libhal_bsp.a(alt_icache_flush.o)
 .debug_abbrev  0x0000114f       0x37 e:/altera/13.1/nios2eds/bin/gnu/h-i686-mingw32/bin/../lib/gcc/nios2-elf/4.7.3/../../../../../H-i686-mingw32/nios2-elf/lib\libsmallc.a(lib_a-int_errno.o)
 .debug_abbrev  0x00001186       0x7f e:/altera/13.1/nios2eds/bin/gnu/h-i686-mingw32/bin/../lib/gcc/nios2-elf/4.7.3/../../../../../H-i686-mingw32/nios2-elf/lib\libsmallc.a(lib_a-memcmp.o)
 .debug_abbrev  0x00001205       0x7f e:/altera/13.1/nios2eds/bin/gnu/h-i686-mingw32/bin/../lib/gcc/nios2-elf/4.7.3/../../../../../H-i686-mingw32/nios2-elf/lib\libsmallc.a(lib_a-strlen.o)

.debug_line     0x00000000     0x14a3
 *(.debug_line)
 .debug_line    0x00000000       0x72 E:/altera/13.1/lab/qrs_lab1/sfotware/lab1_bsp//obj/HAL/src/crt0.o
 .debug_line    0x00000072       0x49 obj/default/hello_world.o
 .debug_line    0x000000bb       0x92 E:/altera/13.1/lab/qrs_lab1/sfotware/lab1_bsp/\libhal_bsp.a(alt_load.o)
 .debug_line    0x0000014d       0x9e E:/altera/13.1/lab/qrs_lab1/sfotware/lab1_bsp/\libhal_bsp.a(alt_main.o)
 .debug_line    0x000001eb      0x127 E:/altera/13.1/lab/qrs_lab1/sfotware/lab1_bsp/\libhal_bsp.a(alt_sys_init.o)
 .debug_line    0x00000312      0x114 E:/altera/13.1/lab/qrs_lab1/sfotware/lab1_bsp/\libhal_bsp.a(altera_avalon_jtag_uart_fd.o)
 .debug_line    0x00000426      0x101 E:/altera/13.1/lab/qrs_lab1/sfotware/lab1_bsp/\libhal_bsp.a(altera_avalon_jtag_uart_read.o)
 .debug_line    0x00000527       0xf8 E:/altera/13.1/lab/qrs_lab1/sfotware/lab1_bsp/\libhal_bsp.a(altera_avalon_jtag_uart_write.o)
 .debug_line    0x0000061f      0x186 E:/altera/13.1/lab/qrs_lab1/sfotware/lab1_bsp/\libhal_bsp.a(alt_close.o)
 .debug_line    0x000007a5       0x61 E:/altera/13.1/lab/qrs_lab1/sfotware/lab1_bsp/\libhal_bsp.a(alt_dcache_flush_all.o)
 .debug_line    0x00000806      0x119 E:/altera/13.1/lab/qrs_lab1/sfotware/lab1_bsp/\libhal_bsp.a(alt_dev.o)
 .debug_line    0x0000091f       0xd0 E:/altera/13.1/lab/qrs_lab1/sfotware/lab1_bsp/\libhal_bsp.a(alt_dev_llist_insert.o)
 .debug_line    0x000009ef       0x51 E:/altera/13.1/lab/qrs_lab1/sfotware/lab1_bsp/\libhal_bsp.a(alt_errno.o)
 .debug_line    0x00000a40       0x71 E:/altera/13.1/lab/qrs_lab1/sfotware/lab1_bsp/\libhal_bsp.a(alt_exit.o)
 .debug_line    0x00000ab1       0x50 E:/altera/13.1/lab/qrs_lab1/sfotware/lab1_bsp/\libhal_bsp.a(alt_icache_flush_all.o)
 .debug_line    0x00000b01      0x154 E:/altera/13.1/lab/qrs_lab1/sfotware/lab1_bsp/\libhal_bsp.a(alt_io_redirect.o)
 .debug_line    0x00000c55      0x125 E:/altera/13.1/lab/qrs_lab1/sfotware/lab1_bsp/\libhal_bsp.a(alt_open.o)
 .debug_line    0x00000d7a       0xae E:/altera/13.1/lab/qrs_lab1/sfotware/lab1_bsp/\libhal_bsp.a(alt_release_fd.o)
 .debug_line    0x00000e28       0x51 E:/altera/13.1/lab/qrs_lab1/sfotware/lab1_bsp/\libhal_bsp.a(altera_nios2_qsys_irq.o)
 .debug_line    0x00000e79       0xb9 E:/altera/13.1/lab/qrs_lab1/sfotware/lab1_bsp/\libhal_bsp.a(alt_find_dev.o)
 .debug_line    0x00000f32       0xd5 E:/altera/13.1/lab/qrs_lab1/sfotware/lab1_bsp/\libhal_bsp.a(alt_find_file.o)
 .debug_line    0x00001007       0xd1 E:/altera/13.1/lab/qrs_lab1/sfotware/lab1_bsp/\libhal_bsp.a(alt_get_fd.o)
 .debug_line    0x000010d8       0x81 E:/altera/13.1/lab/qrs_lab1/sfotware/lab1_bsp/\libhal_bsp.a(alt_icache_flush.o)
 .debug_line    0x00001159       0x5d e:/altera/13.1/nios2eds/bin/gnu/h-i686-mingw32/bin/../lib/gcc/nios2-elf/4.7.3/../../../../../H-i686-mingw32/nios2-elf/lib\libsmallc.a(lib_a-int_errno.o)
 .debug_line    0x000011b6      0x17c e:/altera/13.1/nios2eds/bin/gnu/h-i686-mingw32/bin/../lib/gcc/nios2-elf/4.7.3/../../../../../H-i686-mingw32/nios2-elf/lib\libsmallc.a(lib_a-memcmp.o)
 .debug_line    0x00001332      0x171 e:/altera/13.1/nios2eds/bin/gnu/h-i686-mingw32/bin/../lib/gcc/nios2-elf/4.7.3/../../../../../H-i686-mingw32/nios2-elf/lib\libsmallc.a(lib_a-strlen.o)

.debug_frame    0x00000000      0x4d8
 *(.debug_frame)
 .debug_frame   0x00000000       0x2c obj/default/hello_world.o
 .debug_frame   0x0000002c       0x48 E:/altera/13.1/lab/qrs_lab1/sfotware/lab1_bsp/\libhal_bsp.a(alt_load.o)
 .debug_frame   0x00000074       0x2c E:/altera/13.1/lab/qrs_lab1/sfotware/lab1_bsp/\libhal_bsp.a(alt_main.o)
 .debug_frame   0x000000a0       0x64 E:/altera/13.1/lab/qrs_lab1/sfotware/lab1_bsp/\libhal_bsp.a(alt_sys_init.o)
 .debug_frame   0x00000104       0x48 E:/altera/13.1/lab/qrs_lab1/sfotware/lab1_bsp/\libhal_bsp.a(altera_avalon_jtag_uart_fd.o)
 .debug_frame   0x0000014c       0x2c E:/altera/13.1/lab/qrs_lab1/sfotware/lab1_bsp/\libhal_bsp.a(altera_avalon_jtag_uart_read.o)
 .debug_frame   0x00000178       0x2c E:/altera/13.1/lab/qrs_lab1/sfotware/lab1_bsp/\libhal_bsp.a(altera_avalon_jtag_uart_write.o)
 .debug_frame   0x000001a4       0x48 E:/altera/13.1/lab/qrs_lab1/sfotware/lab1_bsp/\libhal_bsp.a(alt_close.o)
 .debug_frame   0x000001ec       0x2c E:/altera/13.1/lab/qrs_lab1/sfotware/lab1_bsp/\libhal_bsp.a(alt_dcache_flush_all.o)
 .debug_frame   0x00000218       0x2c E:/altera/13.1/lab/qrs_lab1/sfotware/lab1_bsp/\libhal_bsp.a(alt_dev.o)
 .debug_frame   0x00000244       0x48 E:/altera/13.1/lab/qrs_lab1/sfotware/lab1_bsp/\libhal_bsp.a(alt_dev_llist_insert.o)
 .debug_frame   0x0000028c       0x2c E:/altera/13.1/lab/qrs_lab1/sfotware/lab1_bsp/\libhal_bsp.a(alt_exit.o)
 .debug_frame   0x000002b8       0x2c E:/altera/13.1/lab/qrs_lab1/sfotware/lab1_bsp/\libhal_bsp.a(alt_icache_flush_all.o)
 .debug_frame   0x000002e4       0x48 E:/altera/13.1/lab/qrs_lab1/sfotware/lab1_bsp/\libhal_bsp.a(alt_io_redirect.o)
 .debug_frame   0x0000032c       0x64 E:/altera/13.1/lab/qrs_lab1/sfotware/lab1_bsp/\libhal_bsp.a(alt_open.o)
 .debug_frame   0x00000390       0x2c E:/altera/13.1/lab/qrs_lab1/sfotware/lab1_bsp/\libhal_bsp.a(alt_release_fd.o)
 .debug_frame   0x000003bc       0x2c E:/altera/13.1/lab/qrs_lab1/sfotware/lab1_bsp/\libhal_bsp.a(altera_nios2_qsys_irq.o)
 .debug_frame   0x000003e8       0x2c E:/altera/13.1/lab/qrs_lab1/sfotware/lab1_bsp/\libhal_bsp.a(alt_find_dev.o)
 .debug_frame   0x00000414       0x2c E:/altera/13.1/lab/qrs_lab1/sfotware/lab1_bsp/\libhal_bsp.a(alt_find_file.o)
 .debug_frame   0x00000440       0x2c E:/altera/13.1/lab/qrs_lab1/sfotware/lab1_bsp/\libhal_bsp.a(alt_get_fd.o)
 .debug_frame   0x0000046c       0x2c E:/altera/13.1/lab/qrs_lab1/sfotware/lab1_bsp/\libhal_bsp.a(alt_icache_flush.o)
 .debug_frame   0x00000498       0x20 e:/altera/13.1/nios2eds/bin/gnu/h-i686-mingw32/bin/../lib/gcc/nios2-elf/4.7.3/../../../../../H-i686-mingw32/nios2-elf/lib\libsmallc.a(lib_a-memcmp.o)
 .debug_frame   0x000004b8       0x20 e:/altera/13.1/nios2eds/bin/gnu/h-i686-mingw32/bin/../lib/gcc/nios2-elf/4.7.3/../../../../../H-i686-mingw32/nios2-elf/lib\libsmallc.a(lib_a-strlen.o)

.debug_str      0x00000000      0xa85
 *(.debug_str)
 .debug_str     0x00000000       0x9d obj/default/hello_world.o
                                 0xdb (size before relaxing)
 .debug_str     0x0000009d      0x11f E:/altera/13.1/lab/qrs_lab1/sfotware/lab1_bsp/\libhal_bsp.a(alt_load.o)
                                0x1bd (size before relaxing)
 .debug_str     0x000001bc       0x7c E:/altera/13.1/lab/qrs_lab1/sfotware/lab1_bsp/\libhal_bsp.a(alt_main.o)
                                0x148 (size before relaxing)
 .debug_str     0x00000238      0x15e E:/altera/13.1/lab/qrs_lab1/sfotware/lab1_bsp/\libhal_bsp.a(alt_sys_init.o)
                                0x27f (size before relaxing)
 .debug_str     0x00000396       0x77 E:/altera/13.1/lab/qrs_lab1/sfotware/lab1_bsp/\libhal_bsp.a(altera_avalon_jtag_uart_fd.o)
                                0x280 (size before relaxing)
 .debug_str     0x0000040d       0x4d E:/altera/13.1/lab/qrs_lab1/sfotware/lab1_bsp/\libhal_bsp.a(altera_avalon_jtag_uart_read.o)
                                0x1ca (size before relaxing)
 .debug_str     0x0000045a       0x50 E:/altera/13.1/lab/qrs_lab1/sfotware/lab1_bsp/\libhal_bsp.a(altera_avalon_jtag_uart_write.o)
                                0x1c0 (size before relaxing)
 .debug_str     0x000004aa       0x44 E:/altera/13.1/lab/qrs_lab1/sfotware/lab1_bsp/\libhal_bsp.a(alt_close.o)
                                0x1b6 (size before relaxing)
 .debug_str     0x000004ee       0x34 E:/altera/13.1/lab/qrs_lab1/sfotware/lab1_bsp/\libhal_bsp.a(alt_dcache_flush_all.o)
                                0x100 (size before relaxing)
 .debug_str     0x00000522      0x120 E:/altera/13.1/lab/qrs_lab1/sfotware/lab1_bsp/\libhal_bsp.a(alt_dev.o)
                                0x2b0 (size before relaxing)
 .debug_str     0x00000642       0x4b E:/altera/13.1/lab/qrs_lab1/sfotware/lab1_bsp/\libhal_bsp.a(alt_dev_llist_insert.o)
                                0x177 (size before relaxing)
 .debug_str     0x0000068d       0x14 E:/altera/13.1/lab/qrs_lab1/sfotware/lab1_bsp/\libhal_bsp.a(alt_errno.o)
                                 0xf0 (size before relaxing)
 .debug_str     0x000006a1       0x2a E:/altera/13.1/lab/qrs_lab1/sfotware/lab1_bsp/\libhal_bsp.a(alt_exit.o)
                                 0xfc (size before relaxing)
 .debug_str     0x000006cb       0x34 E:/altera/13.1/lab/qrs_lab1/sfotware/lab1_bsp/\libhal_bsp.a(alt_icache_flush_all.o)
                                0x100 (size before relaxing)
 .debug_str     0x000006ff       0x56 E:/altera/13.1/lab/qrs_lab1/sfotware/lab1_bsp/\libhal_bsp.a(alt_io_redirect.o)
                                0x2c1 (size before relaxing)
 .debug_str     0x00000755       0x36 E:/altera/13.1/lab/qrs_lab1/sfotware/lab1_bsp/\libhal_bsp.a(alt_open.o)
                                0x1f6 (size before relaxing)
 .debug_str     0x0000078b       0x28 E:/altera/13.1/lab/qrs_lab1/sfotware/lab1_bsp/\libhal_bsp.a(alt_release_fd.o)
                                0x18a (size before relaxing)
 .debug_str     0x000007b3       0x3b E:/altera/13.1/lab/qrs_lab1/sfotware/lab1_bsp/\libhal_bsp.a(altera_nios2_qsys_irq.o)
                                0x107 (size before relaxing)
 .debug_str     0x000007ee       0x24 E:/altera/13.1/lab/qrs_lab1/sfotware/lab1_bsp/\libhal_bsp.a(alt_find_dev.o)
                                0x197 (size before relaxing)
 .debug_str     0x00000812       0x26 E:/altera/13.1/lab/qrs_lab1/sfotware/lab1_bsp/\libhal_bsp.a(alt_find_file.o)
                                0x1a5 (size before relaxing)
 .debug_str     0x00000838       0x30 E:/altera/13.1/lab/qrs_lab1/sfotware/lab1_bsp/\libhal_bsp.a(alt_get_fd.o)
                                0x1c7 (size before relaxing)
 .debug_str     0x00000868       0x2c E:/altera/13.1/lab/qrs_lab1/sfotware/lab1_bsp/\libhal_bsp.a(alt_icache_flush.o)
                                0x106 (size before relaxing)
 .debug_str     0x00000894       0xd1 e:/altera/13.1/nios2eds/bin/gnu/h-i686-mingw32/bin/../lib/gcc/nios2-elf/4.7.3/../../../../../H-i686-mingw32/nios2-elf/lib\libsmallc.a(lib_a-int_errno.o)
                                0x175 (size before relaxing)
 .debug_str     0x00000965       0xde e:/altera/13.1/nios2eds/bin/gnu/h-i686-mingw32/bin/../lib/gcc/nios2-elf/4.7.3/../../../../../H-i686-mingw32/nios2-elf/lib\libsmallc.a(lib_a-memcmp.o)
                                0x17c (size before relaxing)
 .debug_str     0x00000a43       0x42 e:/altera/13.1/nios2eds/bin/gnu/h-i686-mingw32/bin/../lib/gcc/nios2-elf/4.7.3/../../../../../H-i686-mingw32/nios2-elf/lib\libsmallc.a(lib_a-strlen.o)
                                0x182 (size before relaxing)

.debug_loc      0x00000000      0x5c0
 *(.debug_loc)
 .debug_loc     0x00000000       0x2c obj/default/hello_world.o
 .debug_loc     0x0000002c       0x58 E:/altera/13.1/lab/qrs_lab1/sfotware/lab1_bsp/\libhal_bsp.a(alt_load.o)
 .debug_loc     0x00000084       0x2c E:/altera/13.1/lab/qrs_lab1/sfotware/lab1_bsp/\libhal_bsp.a(alt_main.o)
 .debug_loc     0x000000b0       0x84 E:/altera/13.1/lab/qrs_lab1/sfotware/lab1_bsp/\libhal_bsp.a(alt_sys_init.o)
 .debug_loc     0x00000134       0x58 E:/altera/13.1/lab/qrs_lab1/sfotware/lab1_bsp/\libhal_bsp.a(altera_avalon_jtag_uart_fd.o)
 .debug_loc     0x0000018c       0x2c E:/altera/13.1/lab/qrs_lab1/sfotware/lab1_bsp/\libhal_bsp.a(altera_avalon_jtag_uart_read.o)
 .debug_loc     0x000001b8       0x2c E:/altera/13.1/lab/qrs_lab1/sfotware/lab1_bsp/\libhal_bsp.a(altera_avalon_jtag_uart_write.o)
 .debug_loc     0x000001e4       0x58 E:/altera/13.1/lab/qrs_lab1/sfotware/lab1_bsp/\libhal_bsp.a(alt_close.o)
 .debug_loc     0x0000023c       0x2c E:/altera/13.1/lab/qrs_lab1/sfotware/lab1_bsp/\libhal_bsp.a(alt_dcache_flush_all.o)
 .debug_loc     0x00000268       0x2c E:/altera/13.1/lab/qrs_lab1/sfotware/lab1_bsp/\libhal_bsp.a(alt_dev.o)
 .debug_loc     0x00000294       0x58 E:/altera/13.1/lab/qrs_lab1/sfotware/lab1_bsp/\libhal_bsp.a(alt_dev_llist_insert.o)
 .debug_loc     0x000002ec       0x2c E:/altera/13.1/lab/qrs_lab1/sfotware/lab1_bsp/\libhal_bsp.a(alt_exit.o)
 .debug_loc     0x00000318       0x2c E:/altera/13.1/lab/qrs_lab1/sfotware/lab1_bsp/\libhal_bsp.a(alt_icache_flush_all.o)
 .debug_loc     0x00000344       0x58 E:/altera/13.1/lab/qrs_lab1/sfotware/lab1_bsp/\libhal_bsp.a(alt_io_redirect.o)
 .debug_loc     0x0000039c       0x84 E:/altera/13.1/lab/qrs_lab1/sfotware/lab1_bsp/\libhal_bsp.a(alt_open.o)
 .debug_loc     0x00000420       0x2c E:/altera/13.1/lab/qrs_lab1/sfotware/lab1_bsp/\libhal_bsp.a(alt_release_fd.o)
 .debug_loc     0x0000044c       0x2c E:/altera/13.1/lab/qrs_lab1/sfotware/lab1_bsp/\libhal_bsp.a(altera_nios2_qsys_irq.o)
 .debug_loc     0x00000478       0x2c E:/altera/13.1/lab/qrs_lab1/sfotware/lab1_bsp/\libhal_bsp.a(alt_find_dev.o)
 .debug_loc     0x000004a4       0x2c E:/altera/13.1/lab/qrs_lab1/sfotware/lab1_bsp/\libhal_bsp.a(alt_find_file.o)
 .debug_loc     0x000004d0       0x2c E:/altera/13.1/lab/qrs_lab1/sfotware/lab1_bsp/\libhal_bsp.a(alt_get_fd.o)
 .debug_loc     0x000004fc       0x2c E:/altera/13.1/lab/qrs_lab1/sfotware/lab1_bsp/\libhal_bsp.a(alt_icache_flush.o)
 .debug_loc     0x00000528       0x6f e:/altera/13.1/nios2eds/bin/gnu/h-i686-mingw32/bin/../lib/gcc/nios2-elf/4.7.3/../../../../../H-i686-mingw32/nios2-elf/lib\libsmallc.a(lib_a-memcmp.o)
 .debug_loc     0x00000597       0x29 e:/altera/13.1/nios2eds/bin/gnu/h-i686-mingw32/bin/../lib/gcc/nios2-elf/4.7.3/../../../../../H-i686-mingw32/nios2-elf/lib\libsmallc.a(lib_a-strlen.o)

.debug_macinfo
 *(.debug_macinfo)

.debug_weaknames
 *(.debug_weaknames)

.debug_funcnames
 *(.debug_funcnames)

.debug_typenames
 *(.debug_typenames)

.debug_varnames
 *(.debug_varnames)

.debug_alt_sim_info
                0x00000000       0x30
 *(.debug_alt_sim_info)
 .debug_alt_sim_info
                0x00000000       0x30 E:/altera/13.1/lab/qrs_lab1/sfotware/lab1_bsp//obj/HAL/src/crt0.o
                0x0000d000                __alt_data_end = 0xd000
                0x0000d000                PROVIDE (__alt_stack_pointer, __alt_data_end)
                0x00009398                PROVIDE (__alt_stack_limit, __alt_stack_base)
                0x00009398                PROVIDE (__alt_heap_start, end)
                0x0000d000                PROVIDE (__alt_heap_limit, 0xd000)
OUTPUT(lab1.elf elf32-littlenios2)

.debug_ranges   0x00000000       0x38
 .debug_ranges  0x00000000       0x20 E:/altera/13.1/lab/qrs_lab1/sfotware/lab1_bsp//obj/HAL/src/crt0.o
 .debug_ranges  0x00000020       0x18 E:/altera/13.1/lab/qrs_lab1/sfotware/lab1_bsp/\libhal_bsp.a(altera_avalon_jtag_uart_read.o)
